[    0.00s] Log started
[Config] GPU= requested 
[Config] Backend= ibm_cloud 
[Config] WARNING: This run submits real jobs to IBM Quantum.
 Each iteration incurs QPU time. Monitor usage at  https://quantum.cloud.ibm.com 


[Chemistry:H2] 15 Pauli terms, 4 qubits, 24 params, reps=1. FCI reference: -1.1373 Ha 
[Ansatz] HWE (adaptive) (auto) | corr_score=0.342 | off_diag_rati[Chemistry:H2] 15 Pauli terms, 4 qubits, 24 params, reps=1. FCI reference: -1.1373 Ha 
[Ansatz] HWE (adaptive) (auto) | corr_score=0.342 | off_diag_ratio=0[  524.90s] Log closed
42 in [0.25, 0.55). Moderate correlation (off_diag_ratio=0.056, zz_frac=0.667). Adaptive HWE with full entanglement recommended.
[IBM] Connecting to ibm_marrakesh (us-east) ...
[IBM] Ansatz transpiled: 156 physical qubits, depth 73
[IBM] EstimatorV2 ready (4096 shots)
[IBM] Submitting job (2 PUBs, 4096 shots)...
[IBM] Job submitted: d72l49sscmvs73ac577g, classical work proceeding...
[IBM] Job completed in 176.3s (T_accel=0.00s, residual_wait=176.3s, M=0.0000)
[IBM] Classical SV estimate: E+=-0.038094, E-=-0.035420
[IBM] QPU measured:          E+=-0.128460, E-=-0.122913
Iter 0001 | Energy: -0.125686 | Delta: inf | M: 0.0000 | Path: IBM QPU + Classical SV (async)
[IBM] Submitting job (2 PUBs, 4096 shots)...
[IBM] Job submitted: d72l5kuqdfbc73d2c5ag, classical work proceeding...
[IBM] Job completed in 31.9s (T_accel=0.00s, residual_wait=31.9s, M=0.0001)
[IBM] Classical SV estimate: E+=-0.044478, E-=-0.024842
[IBM] QPU measured:          E+=-0.127515, E-=-0.127674
Iter 0002 | Energy: -0.127594 | Delta: 1.91e-03 | M: 0.0001 | Path: IBM QPU + Classical SV (async)
[IBM] Submitting job (2 PUBs, 4096 shots)...
[IBM] Job submitted: d72l5suqdfbc73d2c5ig, classical work proceeding...
[IBM] Job completed in 34.9s (T_accel=0.00s, residual_wait=34.9s, M=0.0001)
[IBM] Classical SV estimate: E+=-0.047717, E-=-0.034317
[IBM] QPU measured:          E+=-0.130080, E-=-0.122236
Iter 0003 | Energy: -0.126158 | Delta: 1.44e-03 | M: 0.0001 | Path: IBM QPU + Classical SV (async)
[IBM] Submitting job (2 PUBs, 4096 shots)...
[IBM] Job submitted: d72l65mv3u3c73eiq5tg, classical work proceeding...
[IBM] Job completed in 34.1s (T_accel=0.00s, residual_wait=34.1s, M=0.0001)
[IBM] Classical SV estimate: E+=-0.006844, E-=-0.038149
[IBM] QPU measured:          E+=-0.121694, E-=-0.141983
Iter 0004 | Energy: -0.131839 | Delta: 5.68e-03 | M: 0.0001 | Path: IBM QPU + Classical SV (async)
[IBM] Submitting job (2 PUBs, 4096 shots)...
[IBM] Job submitted: d72l6e4scmvs73ac59c0, classical work proceeding...
[IBM] Job completed in 36.6s (T_accel=0.00s, residual_wait=36.6s, M=0.0001)
[IBM] Classical SV estimate: E+=-0.027957, E-=-0.052946
[IBM] QPU measured:          E+=-0.111024, E-=-0.163754
Iter 0005 | Energy: -0.137389 | Delta: 5.55e-03 | M: 0.0001 | Path: IBM QPU + Classical SV (async)
[RESILIENCE] Iteration 5: Global theta state checkpointed at path checkpoints/H2_ibm/checkpoint_iter_0005.npy. 
[IBM] Submitting job (2 PUBs, 4096 shots)...
[IBM] Job submitted: d72l6n6qdfbc73d2c6dg, classical work proceeding...
[IBM] Job completed in 32.7s (T_accel=0.00s, residual_wait=32.7s, M=0.0001)
[IBM] Classical SV estimate: E+=-0.055407, E-=-0.029533
[IBM] QPU measured:          E+=-0.141952, E-=-0.107285
Iter 0006 | Energy: -0.124619 | Delta: 1.28e-02 | M: 0.0001 | Path: IBM QPU + Classical SV (async)
[IBM] Submitting job (2 PUBs, 4096 shots)...
[IBM] Job submitted: d72l6vcscmvs73ac59v0, classical work proceeding...
[IBM] Job completed in 32.4s (T_accel=0.00s, residual_wait=32.4s, M=0.0001)
[IBM] Classical SV estimate: E+=-0.048446, E-=-0.054927
[IBM] QPU measured:          E+=-0.133576, E-=-0.139663
Iter 0007 | Energy: -0.136620 | Delta: 1.20e-02 | M: 0.0001 | Path: IBM QPU + Classical SV (async)
[IBM] Submitting job (2 PUBs, 4096 shots)...
[IBM] Job submitted: d72l77eqdfbc73d2c720, classical work proceeding...
[IBM] Job completed in 53.1s (T_accel=0.00s, residual_wait=53.1s, M=0.0001)
[IBM] Classical SV estimate: E+=-0.051265, E-=-0.045218
[IBM] QPU measured:          E+=-0.148380, E-=-0.141305
Iter 0008 | Energy: -0.144842 | Delta: 8.22e-03 | M: 0.0001 | Path: IBM QPU + Classical SV (async)
[IBM] Submitting job (2 PUBs, 4096 shots)...
[IBM] Job submitted: d72l7kmqdfbc73d2c7jg, classical work proceeding...
[IBM] Job completed in 46.5s (T_accel=0.00s, residual_wait=46.5s, M=0.0001)
[IBM] Classical SV estimate: E+=-0.033380, E-=-0.071348
[IBM] QPU measured:          E+=-0.124893, E-=-0.141634
Iter 0009 | Energy: -0.133263 | Delta: 1.16e-02 | M: 0.0001 | Path: IBM QPU + Classical SV (async)
[IBM] Submitting job (2 PUBs, 4096 shots)...
[IBM] Job submitted: d72l80ev3u3c73eiq84g, classical work proceeding...
[IBM] Job completed in 44.2s (T_accel=0.00s, residual_wait=44.2s, M=0.0001)
[IBM] Classical SV estimate: E+=-0.092780, E-=-0.012562
[IBM] QPU measured:          E+=-0.168988, E-=-0.108528
Iter 0010 | Energy: -0.138758 | Delta: 5.49e-03 | M: 0.0001 | Path: IBM QPU + Classical SV (async)
[RESILIENCE] Iteration 10: Global theta state checkpointed at path checkpoints/H2_ibm/checkpoint_iter_0010.npy. 

[H2-IBM] Final energy : -0.138758 Ha 
[H2-IBM] Reference FCI : -1.137284 Ha
[H2-IBM] Absolute error: +0.998526 Ha 
[H2-IBM] Iterations run: 10
[H2-IBM] Wall time: 522.95s (includes QPU queue + RTT)
[H2-IBM] Time/iter: 52.29s
[H2-IBM] Path: IBM EstimatorV2 (Python)

---ALL IBM QPU BENCHMARKS COMPLETE ----
Ranks used : 2
GPU : True
Backend : ibm_cloud 
[Results] Saved to results/ibm/ibm_cloud_20260326_154341.json
[  524.90s] Log closed
