
==========
== CUDA ==
==========

CUDA Version 12.6.3

Container image Copyright (c) 2016-2023, NVIDIA CORPORATION & AFFILIATES. All rights reserved.

This container image and its contents are governed by the NVIDIA Deep Learning Container License.
By pulling and using the container, you accept the terms and conditions of this license:
https://developer.nvidia.com/ngc/nvidia-deep-learning-container-license

A copy of this license is made available in this container at /NGC-DL-CONTAINER-LICENSE for your convenience.

hpc_core and interface imported.
hpc_core and interface imported.
hpc_core and interface imported.
hpc_core and interface imported.
[Resolver] 'BeH2' found in local registry 
[Resolver] 'BeH2' found in local registry 
[Stack] GPU statevector (cuStateVec) available
[Stack]  Initialized 4 MPI rank(s), GPU=enabled, SV_backend=GPU (cuStateVec), backend='simulator'

 RUNNING WEAK SCALING (P=4, molecule=BeH2)
[Resolver] 'BeH2' found in local registry 
[Resolver] 'BeH2' found in local registry 
[Chemistry:BeH2] 666 Pauli terms, 14 qubits, 112 params, reps=2. FCI reference: -15.5951 Ha 
[Ansatz] HWE (adaptive) (auto) | corr_score=0.501 | off_diag_ratio=0.004
[Reason] score=0.501 in [0.25, 0.55). Moderate correlation (off_diag_ratio=0.004, zz_frac=0.977). Adaptive HWE with full entanglement recommended.
[Chemistry:BeH2] 666 Pauli terms, 14 qubits, 112 params, reps=2. FCI reference: -15.5951 Ha 
[Ansatz] HWE (adaptive) (auto) | corr_score=0.501 | off_diag_ratio=0.004
[Reason] score=0.501 in [0.25, 0.55). Moderate correlation (off_diag_ratio=0.004, zz_frac=0.977). Adaptive HWE with full entanglement recommended.
[Chemistry:BeH2] 666 Pauli terms, 14 qubits, 112 params, reps=2. FCI reference: -15.5951 Ha 
[Ansatz] HWE (adaptive) (auto) | corr_score=0.501 | off_diag_ratio=0.004
[Reason] score=0.501 in [0.25, 0.55). Moderate correlation (off_diag_ratio=0.004, zz_frac=0.977). Adaptive HWE with full entanglement recommended.
[Chemistry:BeH2] 666 Pauli terms, 14 qubits, 112 params, reps=2. FCI reference: -15.5951 Ha 
[Ansatz] HWE (adaptive) (auto) | corr_score=0.501 | off_diag_ratio=0.004
[Reason] score=0.501 in [0.25, 0.55). Moderate correlation (off_diag_ratio=0.004, zz_frac=0.977). Adaptive HWE with full entanglement recommended.
/usr/local/lib/python3.11/dist-packages/samplomatic/__init__.py:20: UserWarning: 
You have imported samplomatic==0.17.1 which is in 
beta development. Please expect breaking changes between 
minor versions and pin your dependencies accordingly.
  _warn_once_per_version(
/usr/local/lib/python3.11/dist-packages/samplomatic/__init__.py:20: UserWarning: 
You have imported samplomatic==0.17.1 which is in 
beta development. Please expect breaking changes between 
minor versions and pin your dependencies accordingly.
  _warn_once_per_version(
/usr/local/lib/python3.11/dist-packages/samplomatic/__init__.py:20: UserWarning: 
You have imported samplomatic==0.17.1 which is in 
beta development. Please expect breaking changes between 
minor versions and pin your dependencies accordingly.
  _warn_once_per_version(
/usr/local/lib/python3.11/dist-packages/samplomatic/__init__.py:20: UserWarning: 
You have imported samplomatic==0.17.1 which is in 
beta development. Please expect breaking changes between 
minor versions and pin your dependencies accordingly.
  _warn_once_per_version(
Iter 0001 | Energy: -0.964153 | Delta: inf | M: 269.9404 | Path: GPU-cuStateVec MPI-distributed (4 ranks)
Iter 0002 | Energy: -1.563878 | Delta: 6.00e-01 | M: 49.1661 | Path: GPU-cuStateVec MPI-distributed (4 ranks)
Iter 0003 | Energy: -2.324587 | Delta: 7.61e-01 | M: 67.7173 | Path: GPU-cuStateVec MPI-distributed (4 ranks)
Iter 0004 | Energy: -9.345339 | Delta: 7.02e+00 | M: 59.3727 | Path: GPU-cuStateVec MPI-distributed (4 ranks)
Iter 0005 | Energy: -9.877431 | Delta: 5.32e-01 | M: 75.5621 | Path: GPU-cuStateVec MPI-distributed (4 ranks)
[RESILIENCE] Iteration 5: Global theta state checkpointed at path checkpoints/weak_scaling/checkpoint_iter_0005.npy. 
Iter 0006 | Energy: -9.863209 | Delta: 1.42e-02 | M: 62.7035 | Path: GPU-cuStateVec MPI-distributed (4 ranks)
Iter 0007 | Energy: -9.991664 | Delta: 1.28e-01 | M: 56.9177 | Path: GPU-cuStateVec MPI-distributed (4 ranks)
Iter 0008 | Energy: -10.517031 | Delta: 5.25e-01 | M: 125.4197 | Path: GPU-cuStateVec MPI-distributed (4 ranks)
Iter 0009 | Energy: -10.565318 | Delta: 4.83e-02 | M: 84.0841 | Path: GPU-cuStateVec MPI-distributed (4 ranks)
Iter 0010 | Energy: -10.887211 | Delta: 3.22e-01 | M: 86.2912 | Path: GPU-cuStateVec MPI-distributed (4 ranks)
[RESILIENCE] Iteration 10: Global theta state checkpointed at path checkpoints/weak_scaling/checkpoint_iter_0010.npy. 
[Weak Scaling] P=4 mol=BeH2 terms=666 terms/rank=166 T_total=3.0937 T/iter=0.3094 final_E=-10.887211
