
==========
== CUDA ==
==========

CUDA Version 12.2.0

Container image Copyright (c) 2016-2023, NVIDIA CORPORATION & AFFILIATES. All rights reserved.

This container image and its contents are governed by the NVIDIA Deep Learning Container License.
By pulling and using the container, you accept the terms and conditions of this license:
https://developer.nvidia.com/ngc/nvidia-deep-learning-container-license

A copy of this license is made available in this container at /NGC-DL-CONTAINER-LICENSE for your convenience.

hpc_core and interface imported.
hpc_core and interface imported.
hpc_core and interface imported.
hpc_core and interface imported.
hpc_core and interface imported.
hpc_core and interface imported.
hpc_core and interface imported.
hpc_core and interface imported.
[Resolver] 'H2O' found in local registry 
[Resolver] 'H2O' found in local registry 
[Resolver] 'H2O' found in local registry 
[Resolver] 'H2O' found in local registry 
[Resolver] 'H2O' found in local registry 
[Stack]  Initialized 8 MPI rank(s), GPU=enabled, SV_backend=CPU (Qiskit), backend='simulator'

 RUNNING WEAK SCALING (P=8, molecule=H2O)
[Resolver] 'H2O' found in local registry 
[Resolver] 'H2O' found in local registry 
[Resolver] 'H2O' found in local registry 
[Chemistry:H2O] 1086 Pauli terms, 14 qubits, 112 params, reps=2. FCI reference: -75.0124 Ha 
[Ansatz] HWE (adaptive) (auto) | corr_score=0.502 | off_diag_ratio=0.007
[Reason] score=0.502 in [0.25, 0.55). Moderate correlation (off_diag_ratio=0.007, zz_frac=0.986). Adaptive HWE with full entanglement recommended.
[Chemistry:H2O] 1086 Pauli terms, 14 qubits, 112 params, reps=2. FCI reference: -75.0124 Ha 
[Ansatz] HWE (adaptive) (auto) | corr_score=0.502 | off_diag_ratio=0.007
[Reason] score=0.502 in [0.25, 0.55). Moderate correlation (off_diag_ratio=0.007, zz_frac=0.986). Adaptive HWE with full entanglement recommended.
[Chemistry:H2O] 1086 Pauli terms, 14 qubits, 112 params, reps=2. FCI reference: -75.0124 Ha 
[Ansatz] HWE (adaptive) (auto) | corr_score=0.502 | off_diag_ratio=0.007
[Reason] score=0.502 in [0.25, 0.55). Moderate correlation (off_diag_ratio=0.007, zz_frac=0.986). Adaptive HWE with full entanglement recommended.
[Chemistry:H2O] 1086 Pauli terms, 14 qubits, 112 params, reps=2. FCI reference: -75.0124 Ha 
[Ansatz] HWE (adaptive) (auto) | corr_score=0.502 | off_diag_ratio=0.007
[Reason] score=0.502 in [0.25, 0.55). Moderate correlation (off_diag_ratio=0.007, zz_frac=0.986). Adaptive HWE with full entanglement recommended.
[Chemistry:H2O] 1086 Pauli terms, 14 qubits, 112 params, reps=2. FCI reference: -75.0124 Ha 
[Ansatz] HWE (adaptive) (auto) | corr_score=0.502 | off_diag_ratio=0.007
[Reason] score=0.502 in [0.25, 0.55). Moderate correlation (off_diag_ratio=0.007, zz_frac=0.986). Adaptive HWE with full entanglement recommended.
[Chemistry:H2O] 1086 Pauli terms, 14 qubits, 112 params, reps=2. FCI reference: -75.0124 Ha 
[Ansatz] HWE (adaptive) (auto) | corr_score=0.502 | off_diag_ratio=0.007
[Reason] score=0.502 in [0.25, 0.55). Moderate correlation (off_diag_ratio=0.007, zz_frac=0.986). Adaptive HWE with full entanglement recommended.
[Chemistry:H2O] 1086 Pauli terms, 14 qubits, 112 params, reps=2. FCI reference: -75.0124 Ha 
[Ansatz] HWE (adaptive) (auto) | corr_score=0.502 | off_diag_ratio=0.007
[Reason] score=0.502 in [0.25, 0.55). Moderate correlation (off_diag_ratio=0.007, zz_frac=0.986). Adaptive HWE with full entanglement recommended.
[Chemistry:H2O] 1086 Pauli terms, 14 qubits, 112 params, reps=2. FCI reference: -75.0124 Ha 
[Ansatz] HWE (adaptive) (auto) | corr_score=0.502 | off_diag_ratio=0.007
[Reason] score=0.502 in [0.25, 0.55). Moderate correlation (off_diag_ratio=0.007, zz_frac=0.986). Adaptive HWE with full entanglement recommended.
Iter 0001 | Energy: -3.211275 | Delta: inf | M: 13.1802 | Path: CPU-Statevector MPI-distributed (8 ranks)
Iter 0002 | Energy: -3.638626 | Delta: 4.27e-01 | M: 25.8864 | Path: CPU-Statevector MPI-distributed (8 ranks)
Iter 0003 | Energy: -7.195845 | Delta: 3.56e+00 | M: 29.3403 | Path: CPU-Statevector MPI-distributed (8 ranks)
Iter 0004 | Energy: -54.349556 | Delta: 4.72e+01 | M: 38.8112 | Path: CPU-Statevector MPI-distributed (8 ranks)
Iter 0005 | Energy: -54.429323 | Delta: 7.98e-02 | M: 29.3147 | Path: CPU-Statevector MPI-distributed (8 ranks)
[RESILIENCE] Iteration 5: Global theta state checkpointed at path checkpoints/weak_scaling/checkpoint_iter_0005.npy. 
Iter 0006 | Energy: -54.815634 | Delta: 3.86e-01 | M: 52.9545 | Path: CPU-Statevector MPI-distributed (8 ranks)
Iter 0007 | Energy: -55.011979 | Delta: 1.96e-01 | M: 33.2894 | Path: CPU-Statevector MPI-distributed (8 ranks)
Iter 0008 | Energy: -55.804962 | Delta: 7.93e-01 | M: 23.0651 | Path: CPU-Statevector MPI-distributed (8 ranks)
Iter 0009 | Energy: -55.810218 | Delta: 5.26e-03 | M: 72.7432 | Path: CPU-Statevector MPI-distributed (8 ranks)
Iter 0010 | Energy: -56.348335 | Delta: 5.38e-01 | M: 35.2454 | Path: CPU-Statevector MPI-distributed (8 ranks)
[RESILIENCE] Iteration 10: Global theta state checkpointed at path checkpoints/weak_scaling/checkpoint_iter_0010.npy. 
[Weak Scaling] P=8 mol=H2O terms=1086 terms/rank=136 T_total=2.3890 T/iter=0.2389 final_E=-56.348335
