
==========
== CUDA ==
==========

CUDA Version 12.2.0

Container image Copyright (c) 2016-2023, NVIDIA CORPORATION & AFFILIATES. All rights reserved.

This container image and its contents are governed by the NVIDIA Deep Learning Container License.
By pulling and using the container, you accept the terms and conditions of this license:
https://developer.nvidia.com/ngc/nvidia-deep-learning-container-license

A copy of this license is made available in this container at /NGC-DL-CONTAINER-LICENSE for your convenience.

hpc_core and interface imported.
hpc_core and interface imported.
hpc_core and interface imported.
hpc_core and interface imported.
[Resolver] 'BeH2' found in local registry 
[Resolver] 'BeH2' found in local registry 
[Resolver] 'BeH2' found in local registry 
[Stack]  Initialized 4 MPI rank(s), GPU=enabled, SV_backend=CPU (Qiskit), backend='simulator'

 RUNNING WEAK SCALING (P=4, molecule=BeH2)
[Resolver] 'BeH2' found in local registry 
[Chemistry:BeH2] 666 Pauli terms, 14 qubits, 112 params, reps=2. FCI reference: -15.5951 Ha 
[Ansatz] HWE (adaptive) (auto) | corr_score=0.501 | off_diag_ratio=0.004
[Reason] score=0.501 in [0.25, 0.55). Moderate correlation (off_diag_ratio=0.004, zz_frac=0.977). Adaptive HWE with full entanglement recommended.
[Chemistry:BeH2] 666 Pauli terms, 14 qubits, 112 params, reps=2. FCI reference: -15.5951 Ha 
[Ansatz] HWE (adaptive) (auto) | corr_score=0.501 | off_diag_ratio=0.004
[Reason] score=0.501 in [0.25, 0.55). Moderate correlation (off_diag_ratio=0.004, zz_frac=0.977). Adaptive HWE with full entanglement recommended.
[Chemistry:BeH2] 666 Pauli terms, 14 qubits, 112 params, reps=2. FCI reference: -15.5951 Ha 
[Ansatz] HWE (adaptive) (auto) | corr_score=0.501 | off_diag_ratio=0.004
[Reason] score=0.501 in [0.25, 0.55). Moderate correlation (off_diag_ratio=0.004, zz_frac=0.977). Adaptive HWE with full entanglement recommended.
[Chemistry:BeH2] 666 Pauli terms, 14 qubits, 112 params, reps=2. FCI reference: -15.5951 Ha 
[Ansatz] HWE (adaptive) (auto) | corr_score=0.501 | off_diag_ratio=0.004
[Reason] score=0.501 in [0.25, 0.55). Moderate correlation (off_diag_ratio=0.004, zz_frac=0.977). Adaptive HWE with full entanglement recommended.
Iter 0001 | Energy: -0.926864 | Delta: inf | M: 27.2406 | Path: CPU-Statevector MPI-distributed (4 ranks)
Iter 0002 | Energy: -2.361408 | Delta: 1.43e+00 | M: 5788.9753 | Path: CPU-Statevector MPI-distributed (4 ranks)
Iter 0003 | Energy: -9.840060 | Delta: 7.48e+00 | M: 2624.6338 | Path: CPU-Statevector MPI-distributed (4 ranks)
Iter 0004 | Energy: -10.096452 | Delta: 2.56e-01 | M: 7046.3313 | Path: CPU-Statevector MPI-distributed (4 ranks)
Iter 0005 | Energy: -10.124313 | Delta: 2.79e-02 | M: 6882.5115 | Path: CPU-Statevector MPI-distributed (4 ranks)
[RESILIENCE] Iteration 5: Global theta state checkpointed at path checkpoints/weak_scaling/checkpoint_iter_0005.npy. 
Iter 0006 | Energy: -10.133169 | Delta: 8.86e-03 | M: 6917.5871 | Path: CPU-Statevector MPI-distributed (4 ranks)
Iter 0007 | Energy: -10.333178 | Delta: 2.00e-01 | M: 6220.2276 | Path: CPU-Statevector MPI-distributed (4 ranks)
Iter 0008 | Energy: -10.309779 | Delta: 2.34e-02 | M: 142.7392 | Path: CPU-Statevector MPI-distributed (4 ranks)
Iter 0009 | Energy: -10.332020 | Delta: 2.22e-02 | M: 108.7096 | Path: CPU-Statevector MPI-distributed (4 ranks)
Iter 0010 | Energy: -10.409223 | Delta: 7.72e-02 | M: 444.5368 | Path: CPU-Statevector MPI-distributed (4 ranks)
[RESILIENCE] Iteration 10: Global theta state checkpointed at path checkpoints/weak_scaling/checkpoint_iter_0010.npy. 
[Weak Scaling] P=4 mol=BeH2 terms=666 terms/rank=166 T_total=2.1932 T/iter=0.2193 final_E=-10.409223
