
==========
== CUDA ==
==========

CUDA Version 12.2.0

Container image Copyright (c) 2016-2023, NVIDIA CORPORATION & AFFILIATES. All rights reserved.

This container image and its contents are governed by the NVIDIA Deep Learning Container License.
By pulling and using the container, you accept the terms and conditions of this license:
https://developer.nvidia.com/ngc/nvidia-deep-learning-container-license

A copy of this license is made available in this container at /NGC-DL-CONTAINER-LICENSE for your convenience.

hpc_core and interface imported.
[Stack]  Initialized 1 MPI rank(s), GPU=enabled, SV_backend=CPU (Qiskit), backend='simulator'

 RUNNING WEAK SCALING (P=1, molecule=H2)
[Resolver] 'H2' found in local registry 
[Chemistry:H2] 15 Pauli terms, 4 qubits, 24 params, reps=1. FCI reference: -1.1373 Ha 
[Ansatz] HWE (adaptive) (auto) | corr_score=0.342 | off_diag_ratio=0.056
[Reason] score=0.342 in [0.25, 0.55). Moderate correlation (off_diag_ratio=0.056, zz_frac=0.667). Adaptive HWE with full entanglement recommended.
Iter 0001 | Energy: -0.046132 | Delta: inf | M: 208.1610 | Path: CPU-Statevector MPI-distributed (1 ranks)
Iter 0002 | Energy: -0.041261 | Delta: 4.87e-03 | M: 382.1102 | Path: CPU-Statevector MPI-distributed (1 ranks)
Iter 0003 | Energy: -0.077476 | Delta: 3.62e-02 | M: 398.5521 | Path: CPU-Statevector MPI-distributed (1 ranks)
Iter 0004 | Energy: -0.064875 | Delta: 1.26e-02 | M: 397.1793 | Path: CPU-Statevector MPI-distributed (1 ranks)
Iter 0005 | Energy: -0.100111 | Delta: 3.52e-02 | M: 400.9203 | Path: CPU-Statevector MPI-distributed (1 ranks)
[RESILIENCE] Iteration 5: Global theta state checkpointed at path checkpoints/weak_scaling/checkpoint_iter_0005.npy. 
Iter 0006 | Energy: -0.146922 | Delta: 4.68e-02 | M: 386.2857 | Path: CPU-Statevector MPI-distributed (1 ranks)
Iter 0007 | Energy: -0.143074 | Delta: 3.85e-03 | M: 396.7357 | Path: CPU-Statevector MPI-distributed (1 ranks)
Iter 0008 | Energy: -0.144194 | Delta: 1.12e-03 | M: 374.6973 | Path: CPU-Statevector MPI-distributed (1 ranks)
Iter 0009 | Energy: -0.146413 | Delta: 2.22e-03 | M: 408.8027 | Path: CPU-Statevector MPI-distributed (1 ranks)
Iter 0010 | Energy: -0.205038 | Delta: 5.86e-02 | M: 410.0221 | Path: CPU-Statevector MPI-distributed (1 ranks)
[RESILIENCE] Iteration 10: Global theta state checkpointed at path checkpoints/weak_scaling/checkpoint_iter_0010.npy. 
[Weak Scaling] P=1 mol=H2 terms=15 terms/rank=15 T_total=0.0497 T/iter=0.0050 final_E=-0.205038
