[Make] No GPU detected — falling back to CPU mode.
[Make] Running 2 ranks -> IBM Quantum (ibm_marrakesh) ...
docker run --rm \
   \
  -e BACKEND=ibm_cloud \
  -e USE_GPU=no \
  -e IBM_QUANTUM_TOKEN="73knAHcAZ3WnBK2dUZEmRm5eIa4KgwGc7EGFP-FRYhpv" \
  -e IBM_QUANTUM_INSTANCE="crn:v1:bluemix:public:quantum-computing:us-east:a/224c9a59f0c34ca6967458884f8e18d3:7db63acd-e700-4e3a-b93b-14675b163a1b::" \
  -e IBM_QUANTUM_BACKEND="ibm_marrakesh" \
  -e IBM_QUANTUM_REGION="us-east" \
  -v "$(pwd)/checkpoints:/workspace/checkpoints" \
  -v "$(pwd)/results:/workspace/results" \
  vqe-mpi-gpu \
  mpirun --allow-run-as-root -np 2 python3 ibm_test_run.py

==========
== CUDA ==
==========

CUDA Version 12.2.0

Container image Copyright (c) 2016-2023, NVIDIA CORPORATION & AFFILIATES. All rights reserved.

This container image and its contents are governed by the NVIDIA Deep Learning Container License.
By pulling and using the container, you accept the terms and conditions of this license:
https://developer.nvidia.com/ngc/nvidia-deep-learning-container-license

A copy of this license is made available in this container at /NGC-DL-CONTAINER-LICENSE for your convenience.

WARNING: The NVIDIA Driver was not detected.  GPU functionality will not be available.
   Use the NVIDIA Container Toolkit to start this container with GPU support; see
   https://docs.nvidia.com/datacenter/cloud-native/ .

hpc_core and interface imported.
[IBM] Token: ********Yhpv 
[IBM] Instance: crn:v1:bluemix:public:quantum-computing:... 
[IBM] Backend: ibm_marrakesh
[IBM] Region: us-east  
hpc_core and interface imported.
[IBM] Token: ********Yhpv 
[IBM] Instance: crn:v1:bluemix:public:quantum-computing:... 
[IBM] Backend: ibm_marrakesh
[IBM] Region: us-east  
[    0.00s] Log started
[Config] GPU= CPU mode 
[Config] Backend= ibm_cloud 
[Config] WARNING: This run submits real jobs to IBM Quantum.
 Each iteration incurs QPU time. Monitor usage at  https://quantum.cloud.ibm.com 


[    0.00s] Log started
[Config] GPU= CPU mode 
[Config] Backend= ibm_cloud 
[Config] WARNING: This run submits real jobs to IBM Quantum.
 Each iteration incurs QPU time. Monitor usage at  https://quantum.cloud.ibm.com 


[Stack]  Initialized 2 MPI rank(s), GPU=disabled, backend='ibm_cloud'

--- RUNNING IBM QPU CHEMISTRY TASK (H2 Ground State) ---
[Chemistry:H2] 15 Pauli terms, 4 qubits, 24 params, reps=1. FCI reference: -1.1373 Ha 
[Ansatz] HWE (adaptive) (auto) | corr_score=0.342 | off_diag_ratio=0.056
[Reason] score=0.342 in [0.25, 0.55). Moderate correlation (off_diag_ratio=0.056, zz_frac=0.667). Adaptive HWE with full entanglement recommended.
[Chemistry:H2] 15 Pauli terms, 4 qubits, 24 params, reps=1. FCI reference: -1.1373 Ha 
[Ansatz] HWE (adaptive) (auto) | corr_score=0.342 | off_diag_ratio=0.056
[Reason] score=0.342 in [0.25, 0.55). Moderate correlation (off_diag_ratio=0.056, zz_frac=0.667). Adaptive HWE with full entanglement recommended.
[IBM] Connecting to ibm_marrakesh (us-east) ...
qiskit_runtime_service.__init__:WARNING:2026-03-19 01:30:24,738: Instance was not set at service instantiation. Free and trial plan instances will be prioritized. Based on the following filters: (tags: None, region: us-east, eu-de), and available plans: (open), the available account instances are: qpu-test. If you need a specific instance set it explicitly either by using a saved account with a saved default instance or passing it in directly to QiskitRuntimeService().
qiskit_runtime_service.backends:WARNING:2026-03-19 01:30:24,738: Using instance: qpu-test, plan: open
[IBM] Ansatz transpiled: 156 physical qubits, depth 73
[IBM] EstimatorV2 ready (4096 shots)
[IBM] Submitting job (2 PUBs, 4096 shots)...
[IBM] Job submitted: d6tl3g8v5rlc73f30h2g, waiting for result...
[IBM] Job completed in 31.9s
Iter 0001 | Energy: -0.110846 | Delta: inf | M: 31.8514 | Path: IBM EstimatorV2 (Python)
[IBM] Submitting job (2 PUBs, 4096 shots)...
[IBM] Job submitted: d6tl3o0v5rlc73f30hb0, waiting for result...
[IBM] Job completed in 33.2s
Iter 0002 | Energy: -0.117957 | Delta: 7.11e-03 | M: 33.1523 | Path: IBM EstimatorV2 (Python)
[IBM] Submitting job (2 PUBs, 4096 shots)...
[IBM] Job submitted: d6tl40atnsts73er7qeg, waiting for result...
[IBM] Job completed in 32.9s
Iter 0003 | Energy: -0.116052 | Delta: 1.90e-03 | M: 32.9334 | Path: IBM EstimatorV2 (Python)
[IBM] Submitting job (2 PUBs, 4096 shots)...
[IBM] Job submitted: d6tl48k69uic73cha9q0, waiting for result...
[IBM] Job completed in 33.4s
Iter 0004 | Energy: -0.107188 | Delta: 8.86e-03 | M: 33.4336 | Path: IBM EstimatorV2 (Python)
[IBM] Submitting job (2 PUBs, 4096 shots)...
[IBM] Job submitted: d6tl4h2f84ks73ddaung, waiting for result...
[IBM] Job completed in 48.6s
Iter 0005 | Energy: -0.132802 | Delta: 2.56e-02 | M: 48.5854 | Path: IBM EstimatorV2 (Python)
[RESILIENCE] Iteration 5: Global theta state checkpointed at path checkpoints/H2_ibm/checkpoint_iter_0005.npy. 
[IBM] Submitting job (2 PUBs, 4096 shots)...
[IBM] Job submitted: d6tl4t0v5rlc73f30ig0, waiting for result...
[IBM] Job completed in 41.6s
Iter 0006 | Energy: -0.134683 | Delta: 1.88e-03 | M: 41.5652 | Path: IBM EstimatorV2 (Python)
[IBM] Submitting job (2 PUBs, 4096 shots)...
[IBM] Job submitted: d6tl57if84ks73ddavd0, waiting for result...
[IBM] Job completed in 60.4s
Iter 0007 | Energy: -0.162053 | Delta: 2.74e-02 | M: 60.3710 | Path: IBM EstimatorV2 (Python)
[IBM] Submitting job (2 PUBs, 4096 shots)...
[IBM] Job submitted: d6tl5mk69uic73chabdg, waiting for result...
[IBM] Job completed in 46.5s
Iter 0008 | Energy: -0.146056 | Delta: 1.60e-02 | M: 46.5388 | Path: IBM EstimatorV2 (Python)
[IBM] Submitting job (2 PUBs, 4096 shots)...
[IBM] Job submitted: d6tl628v5rlc73f30jqg, waiting for result...
[IBM] Job completed in 36.9s
Iter 0009 | Energy: -0.146894 | Delta: 8.38e-04 | M: 36.9355 | Path: IBM EstimatorV2 (Python)
[IBM] Submitting job (2 PUBs, 4096 shots)...
[IBM] Job submitted: d6tl6bitnsts73er7su0, waiting for result...
[IBM] Job completed in 49.3s
Iter 0010 | Energy: -0.170940 | Delta: 2.40e-02 | M: 49.3032 | Path: IBM EstimatorV2 (Python)
[RESILIENCE] Iteration 10: Global theta state checkpointed at path checkpoints/H2_ibm/checkpoint_iter_0010.npy. 

[H2-IBM] Final energy : -0.170940 Ha 
[H2-IBM] Reference FCI : -1.137284 Ha
[H2-IBM] Absolute error: +0.966344 Ha 
[H2-IBM] Iterations run: 10
[H2-IBM] Wall time: 420.98s (includes QPU queue + RTT)
[H2-IBM] Time/iter: 42.10s
[H2-IBM] Path: IBM EstimatorV2 (Python)

---ALL IBM QPU BENCHMARKS COMPLETE ----
Ranks used : 2
GPU : False
Backend : ibm_cloud 
[Results] Saved to results/ibm_cloud_20260319_013720.json
[  421.28s] Log closed
[  421.28s] Log closed
